SeasonID La Liga                                                                                              Premier League                                                                                       Ligue 1                                                                                              Serie A                                                                                              Bundesliga                                                                                           Champions League                                                                                     Europa League                                                                                        Conference League                                                                                    The Golden Ball                                                                                      StartDateID EndDateID
-------- ---------------------------------------------------------------------------------------------------- ---------------------------------------------------------------------------------------------------- ---------------------------------------------------------------------------------------------------- ---------------------------------------------------------------------------------------------------- ---------------------------------------------------------------------------------------------------- ---------------------------------------------------------------------------------------------------- ---------------------------------------------------------------------------------------------------- ---------------------------------------------------------------------------------------------------- ---------------------------------------------------------------------------------------------------- ----------- ----------
2017/18  FC Barcelona                                                                                         Manchester City                                                                                      Paris SG                                                                                             Juventus                                                                                             Bayern Monachium                                                                                     Real Madryt                                                                                          Atlético Madryt                                                                                      Not Available                                                                                        Luka Modrić                                                                                          2017-07-01  2018-06-30
2018/19  FC Barcelona                                                                                         Manchester City                                                                                      Paris SG                                                                                             Juventus                                                                                             Bayern Monachium                                                                                     Liverpool                                                                                            Chelsea                                                                                              Not Available                                                                                        Lionel Messi                                                                                         2018-07-01  2019-06-30
2019/20  Real Madryt                                                                                          Liverpool                                                                                            Paris SG                                                                                             Juventus                                                                                             Bayern Monachium                                                                                     Bayern Monachium                                                                                     Sevilla                                                                                              Not Available                                                                                        Robert Lewandowski                                                                                   2019-07-01  2020-06-30
2020/21  Atlético Madryt                                                                                      Manchester City                                                                                      Lille OSC                                                                                            Inter Mediolan                                                                                       Bayern Monachium                                                                                     Chelsea                                                                                              Villarreal                                                                                           Not Available                                                                                        Lionel Messi                                                                                         2020-07-01  2021-06-30
2021/22  Real Madryt                                                                                          Manchester City                                                                                      Paris SG                                                                                             AC Milan                                                                                             Bayern Monachium                                                                                     Real Madryt                                                                                          Eintracht Frankfurt                                                                                  AS Roma                                                                                              Karim Benzema                                                                                        2021-07-01  2022-06-30
2022/23  FC Barcelona                                                                                         Manchester City                                                                                      Paris SG                                                                                             Napoli                                                                                               Bayern Monachium                                                                                     Manchester City                                                                                      Sevilla                                                                                              West Ham United                                                                                      Lionel Messi                                                                                         2022-07-01  2023-06-30
2023/24  Real Madryt                                                                                          Manchester City                                                                                      Paris SG                                                                                             Inter Mediolan                                                                                       Bayern Monachium                                                                                     Real Madryt                                                                                          Atalanta                                                                                             Olympiakos                                                                                           Lionel Messi                                                                                         2023-07-01  2024-06-30
2024/25  FC Barcelona                                                                                         Manchester City                                                                                      Paris SG                                                                                             Napoli                                                                                               Bayern Monachium                                                                                     Paris SG                                                                                             Tottenham                                                                                            Chelsea                                                                                              Not Available                                                                                        2024-07-01  2025-06-30

(8 wierszy, które zostały naruszone)


Czas ukończenia: 2025-06-07T04:44:07.8094801+02:00
