MatchProfileID Competition                                        Round
-------------- -------------------------------------------------- --------------------------------------------------
1              2. Bundesliga                                      Matchweek 1
2              2. Bundesliga                                      Matchweek 10
3              2. Bundesliga                                      Matchweek 11
4              2. Bundesliga                                      Matchweek 12
5              2. Bundesliga                                      Matchweek 13
6              2. Bundesliga                                      Matchweek 14
7              2. Bundesliga                                      Matchweek 15
8              2. Bundesliga                                      Matchweek 16
9              2. Bundesliga                                      Matchweek 17
10             2. Bundesliga                                      Matchweek 18
11             2. Bundesliga                                      Matchweek 19
12             2. Bundesliga                                      Matchweek 2
13             2. Bundesliga                                      Matchweek 20
14             2. Bundesliga                                      Matchweek 21
15             2. Bundesliga                                      Matchweek 22
16             2. Bundesliga                                      Matchweek 23
17             2. Bundesliga                                      Matchweek 24
18             2. Bundesliga                                      Matchweek 25
19             2. Bundesliga                                      Matchweek 26
20             2. Bundesliga                                      Matchweek 27
21             2. Bundesliga                                      Matchweek 28
22             2. Bundesliga                                      Matchweek 29
23             2. Bundesliga                                      Matchweek 3
24             2. Bundesliga                                      Matchweek 30
25             2. Bundesliga                                      Matchweek 31
26             2. Bundesliga                                      Matchweek 32
27             2. Bundesliga                                      Matchweek 33
28             2. Bundesliga                                      Matchweek 34
29             2. Bundesliga                                      Matchweek 4
30             2. Bundesliga                                      Matchweek 5
31             2. Bundesliga                                      Matchweek 6
32             2. Bundesliga                                      Matchweek 7
33             2. Bundesliga                                      Matchweek 8
34             2. Bundesliga                                      Matchweek 9
35             Bundesliga                                         Matchweek 1
36             Bundesliga                                         Matchweek 10
37             Bundesliga                                         Matchweek 11
38             Bundesliga                                         Matchweek 12
39             Bundesliga                                         Matchweek 13
40             Bundesliga                                         Matchweek 14
41             Bundesliga                                         Matchweek 15
42             Bundesliga                                         Matchweek 16
43             Bundesliga                                         Matchweek 17
44             Bundesliga                                         Matchweek 18
45             Bundesliga                                         Matchweek 19
46             Bundesliga                                         Matchweek 2
47             Bundesliga                                         Matchweek 20
48             Bundesliga                                         Matchweek 21
49             Bundesliga                                         Matchweek 22
50             Bundesliga                                         Matchweek 23
51             Bundesliga                                         Matchweek 24
52             Bundesliga                                         Matchweek 25
53             Bundesliga                                         Matchweek 26
54             Bundesliga                                         Matchweek 27
55             Bundesliga                                         Matchweek 28
56             Bundesliga                                         Matchweek 29
57             Bundesliga                                         Matchweek 3
58             Bundesliga                                         Matchweek 30
59             Bundesliga                                         Matchweek 31
60             Bundesliga                                         Matchweek 32
61             Bundesliga                                         Matchweek 33
62             Bundesliga                                         Matchweek 34
63             Bundesliga                                         Matchweek 4
64             Bundesliga                                         Matchweek 5
65             Bundesliga                                         Matchweek 6
66             Bundesliga                                         Matchweek 7
67             Bundesliga                                         Matchweek 8
68             Bundesliga                                         Matchweek 9
69             Champions Lg                                       Final
70             Champions Lg                                       Group stage
71             Champions Lg                                       Knockout phase play-offs
72             Champions Lg                                       League phase
73             Champions Lg                                       Play-off round
74             Champions Lg                                       Quarter-finals
75             Champions Lg                                       Round of 16
76             Champions Lg                                       Semi-finals
77             Champions Lg                                       Third qualifying round
78             Championship                                       Final
79             Championship                                       Matchweek 1
80             Championship                                       Matchweek 10
81             Championship                                       Matchweek 11
82             Championship                                       Matchweek 12
83             Championship                                       Matchweek 13
84             Championship                                       Matchweek 14
85             Championship                                       Matchweek 15
86             Championship                                       Matchweek 16
87             Championship                                       Matchweek 17
88             Championship                                       Matchweek 18
89             Championship                                       Matchweek 19
90             Championship                                       Matchweek 2
91             Championship                                       Matchweek 20
92             Championship                                       Matchweek 21
93             Championship                                       Matchweek 22
94             Championship                                       Matchweek 23
95             Championship                                       Matchweek 24
96             Championship                                       Matchweek 25
97             Championship                                       Matchweek 26
98             Championship                                       Matchweek 27
99             Championship                                       Matchweek 28
100            Championship                                       Matchweek 29
101            Championship                                       Matchweek 3
102            Championship                                       Matchweek 30
103            Championship                                       Matchweek 31
104            Championship                                       Matchweek 32
105            Championship                                       Matchweek 33
106            Championship                                       Matchweek 34
107            Championship                                       Matchweek 35
108            Championship                                       Matchweek 36
109            Championship                                       Matchweek 37
110            Championship                                       Matchweek 38
111            Championship                                       Matchweek 39
112            Championship                                       Matchweek 4
113            Championship                                       Matchweek 40
114            Championship                                       Matchweek 41
115            Championship                                       Matchweek 42
116            Championship                                       Matchweek 43
117            Championship                                       Matchweek 44
118            Championship                                       Matchweek 45
119            Championship                                       Matchweek 46
120            Championship                                       Matchweek 5
121            Championship                                       Matchweek 6
122            Championship                                       Matchweek 7
123            Championship                                       Matchweek 8
124            Championship                                       Matchweek 9
125            Championship                                       Semi-finals
126            Community Shield                                   FA Community Shield
127            Conf Lg                                            Final
128            Conf Lg                                            Group stage
129            Conf Lg                                            Knockout phase play-offs
130            Conf Lg                                            Knockout round play-offs
131            Conf Lg                                            League phase
132            Conf Lg                                            Play-off round
133            Conf Lg                                            Quarter-finals
134            Conf Lg                                            Round of 16
135            Conf Lg                                            Semi-finals
136            Copa del Rey                                       Final
137            Copa del Rey                                       First round
138            Copa del Rey                                       Quarter-finals
139            Copa del Rey                                       Round of 16
140            Copa del Rey                                       Round of 32
141            Copa del Rey                                       Second round
142            Copa del Rey                                       Semi-finals
143            Copa del Rey                                       Third round
144            Coppa Italia                                       Final
145            Coppa Italia                                       First round
146            Coppa Italia                                       Fourth round
147            Coppa Italia                                       Preliminary round
148            Coppa Italia                                       Quarter-finals
149            Coppa Italia                                       Round of 16
150            Coppa Italia                                       Second round
151            Coppa Italia                                       Semi-finals
152            Coppa Italia                                       Third round
153            Coupe de France                                    Eighth round
154            Coupe de France                                    Final
155            Coupe de France                                    Quarter-finals
156            Coupe de France                                    Round of 16
157            Coupe de France                                    Round of 32
158            Coupe de France                                    Round of 64
159            Coupe de France                                    Semi-finals
160            Coupe de France                                    Seventh round
161            Coupe de la Ligue                                  Final stage
162            Coupe de la Ligue                                  First round
163            Coupe de la Ligue                                  Quarter-finals
164            Coupe de la Ligue                                  Round of 16
165            Coupe de la Ligue                                  Second round
166            Coupe de la Ligue                                  Semi-finals
167            Coupe de la Ligue                                  Third round
168            DFB-Pokal                                          Final
169            DFB-Pokal                                          First round
170            DFB-Pokal                                          Quarter-finals
171            DFB-Pokal                                          Round of 16
172            DFB-Pokal                                          Round of 32
173            DFB-Pokal                                          Round of 64
174            DFB-Pokal                                          Second round
175            DFB-Pokal                                          Semi-finals
176            DFL-Supercup                                       DFL-Supercup
177            EFL Cup                                            Final
178            EFL Cup                                            First round
179            EFL Cup                                            Fourth round
180            EFL Cup                                            Quarter-finals
181            EFL Cup                                            Second round
182            EFL Cup                                            Semi-finals
183            EFL Cup                                            Third round
184            Europa Lg                                          Final
185            Europa Lg                                          Group stage
186            Europa Lg                                          Knockout phase play-offs
187            Europa Lg                                          Knockout round play-offs
188            Europa Lg                                          League phase
189            Europa Lg                                          Play-off round
190            Europa Lg                                          Quarter-finals
191            Europa Lg                                          Round of 16
192            Europa Lg                                          Round of 32
193            Europa Lg                                          Second qualifying round
194            Europa Lg                                          Semi-finals
195            Europa Lg                                          Third qualifying round
196            FA Community Shield                                FA Community Shield
197            FA Cup                                             Fifth round
198            FA Cup                                             Fifth round proper
199            FA Cup                                             Final
200            FA Cup                                             First round
201            FA Cup                                             First round proper
202            FA Cup                                             Fourth round
203            FA Cup                                             Fourth round proper
204            FA Cup                                             Quarter-finals
205            FA Cup                                             Second round
206            FA Cup                                             Second round proper
207            FA Cup                                             Semi-finals
208            FA Cup                                             Third round
209            FA Cup                                             Third round proper
210            La Liga                                            Matchweek 1
211            La Liga                                            Matchweek 10
212            La Liga                                            Matchweek 11
213            La Liga                                            Matchweek 12
214            La Liga                                            Matchweek 13
215            La Liga                                            Matchweek 14
216            La Liga                                            Matchweek 15
217            La Liga                                            Matchweek 16
218            La Liga                                            Matchweek 17
219            La Liga                                            Matchweek 18
220            La Liga                                            Matchweek 19
221            La Liga                                            Matchweek 2
222            La Liga                                            Matchweek 20
223            La Liga                                            Matchweek 21
224            La Liga                                            Matchweek 22
225            La Liga                                            Matchweek 23
226            La Liga                                            Matchweek 24
227            La Liga                                            Matchweek 25
228            La Liga                                            Matchweek 26
229            La Liga                                            Matchweek 27
230            La Liga                                            Matchweek 28
231            La Liga                                            Matchweek 29
232            La Liga                                            Matchweek 3
233            La Liga                                            Matchweek 30
234            La Liga                                            Matchweek 31
235            La Liga                                            Matchweek 32
236            La Liga                                            Matchweek 33
237            La Liga                                            Matchweek 34
238            La Liga                                            Matchweek 35
239            La Liga                                            Matchweek 36
240            La Liga                                            Matchweek 37
241            La Liga                                            Matchweek 38
242            La Liga                                            Matchweek 4
243            La Liga                                            Matchweek 5
244            La Liga                                            Matchweek 6
245            La Liga                                            Matchweek 7
246            La Liga                                            Matchweek 8
247            La Liga                                            Matchweek 9
248            La Liga 2                                          Final
249            La Liga 2                                          Matchweek 1
250            La Liga 2                                          Matchweek 10
251            La Liga 2                                          Matchweek 11
252            La Liga 2                                          Matchweek 12
253            La Liga 2                                          Matchweek 13
254            La Liga 2                                          Matchweek 14
255            La Liga 2                                          Matchweek 15
256            La Liga 2                                          Matchweek 16
257            La Liga 2                                          Matchweek 17
258            La Liga 2                                          Matchweek 18
259            La Liga 2                                          Matchweek 19
260            La Liga 2                                          Matchweek 2
261            La Liga 2                                          Matchweek 20
262            La Liga 2                                          Matchweek 21
263            La Liga 2                                          Matchweek 22
264            La Liga 2                                          Matchweek 23
265            La Liga 2                                          Matchweek 24
266            La Liga 2                                          Matchweek 25
267            La Liga 2                                          Matchweek 26
268            La Liga 2                                          Matchweek 27
269            La Liga 2                                          Matchweek 28
270            La Liga 2                                          Matchweek 29
271            La Liga 2                                          Matchweek 3
272            La Liga 2                                          Matchweek 30
273            La Liga 2                                          Matchweek 31
274            La Liga 2                                          Matchweek 32
275            La Liga 2                                          Matchweek 33
276            La Liga 2                                          Matchweek 34
277            La Liga 2                                          Matchweek 35
278            La Liga 2                                          Matchweek 36
279            La Liga 2                                          Matchweek 37
280            La Liga 2                                          Matchweek 38
281            La Liga 2                                          Matchweek 39
282            La Liga 2                                          Matchweek 4
283            La Liga 2                                          Matchweek 40
284            La Liga 2                                          Matchweek 41
285            La Liga 2                                          Matchweek 42
286            La Liga 2                                          Matchweek 5
287            La Liga 2                                          Matchweek 6
288            La Liga 2                                          Matchweek 7
289            La Liga 2                                          Matchweek 8
290            La Liga 2                                          Matchweek 9
291            La Liga 2                                          Semi-finals
292            League One                                         Matchweek 1
293            League One                                         Matchweek 10
294            League One                                         Matchweek 11
295            League One                                         Matchweek 12
296            League One                                         Matchweek 13
297            League One                                         Matchweek 14
298            League One                                         Matchweek 15
299            League One                                         Matchweek 16
300            League One                                         Matchweek 17
301            League One                                         Matchweek 18
302            League One                                         Matchweek 19
303            League One                                         Matchweek 2
304            League One                                         Matchweek 20
305            League One                                         Matchweek 21
306            League One                                         Matchweek 22
307            League One                                         Matchweek 23
308            League One                                         Matchweek 24
309            League One                                         Matchweek 25
310            League One                                         Matchweek 26
311            League One                                         Matchweek 27
312            League One                                         Matchweek 28
313            League One                                         Matchweek 29
314            League One                                         Matchweek 3
315            League One                                         Matchweek 30
316            League One                                         Matchweek 31
317            League One                                         Matchweek 32
318            League One                                         Matchweek 33
319            League One                                         Matchweek 34
320            League One                                         Matchweek 35
321            League One                                         Matchweek 36
322            League One                                         Matchweek 37
323            League One                                         Matchweek 38
324            League One                                         Matchweek 39
325            League One                                         Matchweek 4
326            League One                                         Matchweek 40
327            League One                                         Matchweek 41
328            League One                                         Matchweek 42
329            League One                                         Matchweek 43
330            League One                                         Matchweek 44
331            League One                                         Matchweek 45
332            League One                                         Matchweek 46
333            League One                                         Matchweek 5
334            League One                                         Matchweek 6
335            League One                                         Matchweek 7
336            League One                                         Matchweek 8
337            League One                                         Matchweek 9
338            Ligue 1                                            Matchweek 1
339            Ligue 1                                            Matchweek 10
340            Ligue 1                                            Matchweek 11
341            Ligue 1                                            Matchweek 12
342            Ligue 1                                            Matchweek 13
343            Ligue 1                                            Matchweek 14
344            Ligue 1                                            Matchweek 15
345            Ligue 1                                            Matchweek 16
346            Ligue 1                                            Matchweek 17
347            Ligue 1                                            Matchweek 18
348            Ligue 1                                            Matchweek 19
349            Ligue 1                                            Matchweek 2
350            Ligue 1                                            Matchweek 20
351            Ligue 1                                            Matchweek 21
352            Ligue 1                                            Matchweek 22
353            Ligue 1                                            Matchweek 23
354            Ligue 1                                            Matchweek 24
355            Ligue 1                                            Matchweek 25
356            Ligue 1                                            Matchweek 26
357            Ligue 1                                            Matchweek 27
358            Ligue 1                                            Matchweek 28
359            Ligue 1                                            Matchweek 29
360            Ligue 1                                            Matchweek 3
361            Ligue 1                                            Matchweek 30
362            Ligue 1                                            Matchweek 31
363            Ligue 1                                            Matchweek 32
364            Ligue 1                                            Matchweek 33
365            Ligue 1                                            Matchweek 34
366            Ligue 1                                            Matchweek 35
367            Ligue 1                                            Matchweek 36
368            Ligue 1                                            Matchweek 37
369            Ligue 1                                            Matchweek 38
370            Ligue 1                                            Matchweek 4
371            Ligue 1                                            Matchweek 5
372            Ligue 1                                            Matchweek 6
373            Ligue 1                                            Matchweek 7
374            Ligue 1                                            Matchweek 8
375            Ligue 1                                            Matchweek 9
376            Ligue 2                                            Final
377            Ligue 2                                            Matchweek 1
378            Ligue 2                                            Matchweek 10
379            Ligue 2                                            Matchweek 11
380            Ligue 2                                            Matchweek 12
381            Ligue 2                                            Matchweek 13
382            Ligue 2                                            Matchweek 14
383            Ligue 2                                            Matchweek 15
384            Ligue 2                                            Matchweek 16
385            Ligue 2                                            Matchweek 17
386            Ligue 2                                            Matchweek 18
387            Ligue 2                                            Matchweek 19
388            Ligue 2                                            Matchweek 2
389            Ligue 2                                            Matchweek 20
390            Ligue 2                                            Matchweek 21
391            Ligue 2                                            Matchweek 22
392            Ligue 2                                            Matchweek 23
393            Ligue 2                                            Matchweek 24
394            Ligue 2                                            Matchweek 25
395            Ligue 2                                            Matchweek 26
396            Ligue 2                                            Matchweek 27
397            Ligue 2                                            Matchweek 28
398            Ligue 2                                            Matchweek 29
399            Ligue 2                                            Matchweek 3
400            Ligue 2                                            Matchweek 30
401            Ligue 2                                            Matchweek 31
402            Ligue 2                                            Matchweek 32
403            Ligue 2                                            Matchweek 33
404            Ligue 2                                            Matchweek 34
405            Ligue 2                                            Matchweek 35
406            Ligue 2                                            Matchweek 36
407            Ligue 2                                            Matchweek 37
408            Ligue 2                                            Matchweek 38
409            Ligue 2                                            Matchweek 4
410            Ligue 2                                            Matchweek 5
411            Ligue 2                                            Matchweek 6
412            Ligue 2                                            Matchweek 7
413            Ligue 2                                            Matchweek 8
414            Ligue 2                                            Matchweek 9
415            Ligue 2                                            Semi-final
416            Premier League                                     Matchweek 1
417            Premier League                                     Matchweek 10
418            Premier League                                     Matchweek 11
419            Premier League                                     Matchweek 12
420            Premier League                                     Matchweek 13
421            Premier League                                     Matchweek 14
422            Premier League                                     Matchweek 15
423            Premier League                                     Matchweek 16
424            Premier League                                     Matchweek 17
425            Premier League                                     Matchweek 18
426            Premier League                                     Matchweek 19
427            Premier League                                     Matchweek 2
428            Premier League                                     Matchweek 20
429            Premier League                                     Matchweek 21
430            Premier League                                     Matchweek 22
431            Premier League                                     Matchweek 23
432            Premier League                                     Matchweek 24
433            Premier League                                     Matchweek 25
434            Premier League                                     Matchweek 26
435            Premier League                                     Matchweek 27
436            Premier League                                     Matchweek 28
437            Premier League                                     Matchweek 29
438            Premier League                                     Matchweek 3
439            Premier League                                     Matchweek 30
440            Premier League                                     Matchweek 31
441            Premier League                                     Matchweek 32
442            Premier League                                     Matchweek 33
443            Premier League                                     Matchweek 34
444            Premier League                                     Matchweek 35
445            Premier League                                     Matchweek 36
446            Premier League                                     Matchweek 37
447            Premier League                                     Matchweek 38
448            Premier League                                     Matchweek 4
449            Premier League                                     Matchweek 5
450            Premier League                                     Matchweek 6
451            Premier League                                     Matchweek 7
452            Premier League                                     Matchweek 8
453            Premier League                                     Matchweek 9
454            Rel/Pro play-offs                                  French 1/2 Relegation/Promotion play-offs
455            Rel/Pro play-offs                                  German 1/2 Relegation/Promotion play-offs
456            Serie A                                            Matchweek 1
457            Serie A                                            Matchweek 10
458            Serie A                                            Matchweek 11
459            Serie A                                            Matchweek 12
460            Serie A                                            Matchweek 13
461            Serie A                                            Matchweek 14
462            Serie A                                            Matchweek 15
463            Serie A                                            Matchweek 16
464            Serie A                                            Matchweek 17
465            Serie A                                            Matchweek 18
466            Serie A                                            Matchweek 19
467            Serie A                                            Matchweek 2
468            Serie A                                            Matchweek 20
469            Serie A                                            Matchweek 21
470            Serie A                                            Matchweek 22
471            Serie A                                            Matchweek 23
472            Serie A                                            Matchweek 24
473            Serie A                                            Matchweek 25
474            Serie A                                            Matchweek 26
475            Serie A                                            Matchweek 27
476            Serie A                                            Matchweek 28
477            Serie A                                            Matchweek 29
478            Serie A                                            Matchweek 3
479            Serie A                                            Matchweek 30
480            Serie A                                            Matchweek 31
481            Serie A                                            Matchweek 32
482            Serie A                                            Matchweek 33
483            Serie A                                            Matchweek 34
484            Serie A                                            Matchweek 35
485            Serie A                                            Matchweek 36
486            Serie A                                            Matchweek 37
487            Serie A                                            Matchweek 38
488            Serie A                                            Matchweek 4
489            Serie A                                            Matchweek 5
490            Serie A                                            Matchweek 6
491            Serie A                                            Matchweek 7
492            Serie A                                            Matchweek 8
493            Serie A                                            Matchweek 9
494            Serie A                                            Relegation tie-breaker
495            Serie B                                            Finals
496            Serie B                                            Matchweek 1
497            Serie B                                            Matchweek 10
498            Serie B                                            Matchweek 11
499            Serie B                                            Matchweek 12
500            Serie B                                            Matchweek 13
501            Serie B                                            Matchweek 14
502            Serie B                                            Matchweek 15
503            Serie B                                            Matchweek 16
504            Serie B                                            Matchweek 17
505            Serie B                                            Matchweek 18
506            Serie B                                            Matchweek 19
507            Serie B                                            Matchweek 2
508            Serie B                                            Matchweek 20
509            Serie B                                            Matchweek 21
510            Serie B                                            Matchweek 22
511            Serie B                                            Matchweek 23
512            Serie B                                            Matchweek 24
513            Serie B                                            Matchweek 25
514            Serie B                                            Matchweek 26
515            Serie B                                            Matchweek 27
516            Serie B                                            Matchweek 28
517            Serie B                                            Matchweek 29
518            Serie B                                            Matchweek 3
519            Serie B                                            Matchweek 30
520            Serie B                                            Matchweek 31
521            Serie B                                            Matchweek 32
522            Serie B                                            Matchweek 33
523            Serie B                                            Matchweek 34
524            Serie B                                            Matchweek 35
525            Serie B                                            Matchweek 36
526            Serie B                                            Matchweek 37
527            Serie B                                            Matchweek 38
528            Serie B                                            Matchweek 39
529            Serie B                                            Matchweek 4
530            Serie B                                            Matchweek 40
531            Serie B                                            Matchweek 41
532            Serie B                                            Matchweek 42
533            Serie B                                            Matchweek 5
534            Serie B                                            Matchweek 6
535            Serie B                                            Matchweek 7
536            Serie B                                            Matchweek 8
537            Serie B                                            Matchweek 9
538            Serie B                                            Preliminary round
539            Serie B                                            Relegation play-out
540            Serie B                                            Semi-finals
541            Super Cup                                          UEFA Super Cup
542            Supercopa de Espana                                Final
543            Supercopa de Espana                                Semi-finals
544            Supercopa de Espana                                Supercopa de Espana
545            Supercoppa                                         Final
546            Supercoppa                                         Semi-finals
547            Supercoppa                                         Supercoppa Italiana
548            Trophée des Champions                              Trophée des Champions

(548 wierszy, które zostały naruszone)


Czas ukończenia: 2025-06-07T04:46:35.9021132+02:00
